#
# There is insufficient memory for the Java Runtime Environment to continue.
# Native memory allocation (mmap) failed to map 75497472 bytes. Error detail: G1 virtual space
# Possible reasons:
#   The system is out of physical RAM or swap space
#   This process is running with CompressedOops enabled, and the Java Heap may be blocking the growth of the native heap
# Possible solutions:
#   Reduce memory load on the system
#   Increase physical memory or swap space
#   Check if swap backing store is full
#   Decrease Java heap size (-Xmx/-Xms)
#   Decrease number of Java threads
#   Decrease Java thread stack sizes (-Xss)
#   Set larger code cache with -XX:ReservedCodeCacheSize=
#   JVM is running with Zero Based Compressed Oops mode in which the Java heap is
#     placed in the first 32GB address space. The Java Heap base address is the
#     maximum limit for the native heap growth. Please use -XX:HeapBaseMinAddress
#     to set the Java Heap base and to place the Java Heap above 32GB virtual address.
# This output file may be truncated or incomplete.
#
#  Out of Memory Error (os_windows.cpp:3583), pid=26668, tid=36492
#
# JRE version: OpenJDK Runtime Environment Temurin-26.0.1+8 (26.0.1+8) (build 26.0.1+8)
# Java VM: OpenJDK 64-Bit Server VM Temurin-26.0.1+8 (26.0.1+8, mixed mode, emulated-client, sharing, tiered, compressed oops, compressed class ptrs, g1 gc, windows-amd64)
# No core dump will be written. Minidumps are not enabled by default on client versions of Windows
#

---------------  S U M M A R Y ------------

Command Line: -Dcom.sun.management.jmxremote -Dcom.sun.management.jmxremote.port=61124 -Dcom.sun.management.jmxremote.authenticate=false -Dcom.sun.management.jmxremote.ssl=false -Djava.rmi.server.hostname=localhost -Dspring.jmx.enabled=true -Dmanagement.endpoints.jmx.exposure.include=* -Dspring.application.admin.enabled=true -Dspring.output.ansi.enabled=always -XX:TieredStopAtLevel=1 -Dspring.boot.project.name=user-service -Dfile.encoding=UTF-8 -Dstdout.encoding=UTF-8 -Dstderr.encoding=UTF-8 -XX:+ShowCodeDetailsInExceptionMessages com.rigel.user.TodoapptestApplication

Host: 11th Gen Intel(R) Core(TM) i5-1145G7 @ 2.60GHz, 8 cores, 15G,  Windows 11 , 64 bit Build 26100 (10.0.26100.8521)
Time: Fri Jul 17 19:52:47 2026 India Standard Time elapsed time: 2.254666 seconds (0d 0h 0m 2s)

---------------  T H R E A D  ---------------

Current thread (0x0000020c682f2a60):  VMThread "VM Thread"          [id=36492, stack(0x000000caffc00000,0x000000caffd00000) (1024K)]

Stack: [0x000000caffc00000,0x000000caffd00000]
Native frames: (J=compiled Java code, j=interpreted, Vv=VM code, C=native code)
V  [jvm.dll+0x7db749]  (no source info available)
V  [jvm.dll+0x7a82bd]  (no source info available)
V  [jvm.dll+0xa44a60]  (no source info available)
V  [jvm.dll+0xa46eb1]  (no source info available)
V  [jvm.dll+0xa475c3]  (no source info available)
V  [jvm.dll+0x311a96]  (no source info available)
V  [jvm.dll+0x7dac15]  (no source info available)
V  [jvm.dll+0x7cde17]  (no source info available)
V  [jvm.dll+0x40c368]  (no source info available)
V  [jvm.dll+0x4146e6]  (no source info available)
V  [jvm.dll+0x400a94]  (no source info available)
V  [jvm.dll+0x400d85]  (no source info available)
V  [jvm.dll+0x3d7bef]  (no source info available)
V  [jvm.dll+0x3dae2c]  (no source info available)
V  [jvm.dll+0x42606c]  (no source info available)
V  [jvm.dll+0x4249a0]  (no source info available)
V  [jvm.dll+0x3d7368]  (no source info available)
V  [jvm.dll+0x423d63]  (no source info available)
V  [jvm.dll+0xa4da52]  (no source info available)
V  [jvm.dll+0xa4ea1b]  (no source info available)
V  [jvm.dll+0xa4ef26]  (no source info available)
V  [jvm.dll+0xa4f3a8]  (no source info available)
V  [jvm.dll+0xa4f643]  (no source info available)
V  [jvm.dll+0x9e3039]  (no source info available)
V  [jvm.dll+0x7dd228]  (no source info available)
C  [ucrtbase.dll+0x2cd30]  (no source info available)
C  [KERNEL32.DLL+0x2e957]  (no source info available)
C  [ntdll.dll+0x87c1c]  (no source info available)

VM_Operation (0x000000ca813fcf88): G1CollectForAllocation, mode: safepoint, requested by thread 0x0000020c6dad9140


---------------  P R O C E S S  ---------------

Threads class SMR info:
_java_thread_list=0x0000020c6db93a00, length=21, elements={
0x0000020c56f87560, 0x0000020c68303a50, 0x0000020c683044a0, 0x0000020c68311df0,
0x0000020c683149c0, 0x0000020c68317790, 0x0000020c6831b650, 0x0000020c6831d4e0,
0x0000020c683c8780, 0x0000020c684764b0, 0x0000020c684ae140, 0x0000020c684b0900,
0x0000020c6d264bd0, 0x0000020c6d86ad40, 0x0000020c6d847250, 0x0000020c6d86ff60,
0x0000020c6d9881f0, 0x0000020c6dad5a60, 0x0000020c6dad9140, 0x0000020c6dbafa20,
0x0000020c6dbb58c0
}

Java Threads: ( => current thread )
  0x0000020c56f87560 JavaThread "main"                              [_thread_blocked, id=11776, stack(0x000000caff400000,0x000000caff500000) (1024K)]
  0x0000020c68303a50 JavaThread "Reference Handler"          daemon [_thread_blocked, id=792, stack(0x000000caffd00000,0x000000caffe00000) (1024K)]
  0x0000020c683044a0 JavaThread "Finalizer"                  daemon [_thread_blocked, id=30804, stack(0x000000caffe00000,0x000000cafff00000) (1024K)]
  0x0000020c68311df0 JavaThread "Signal Dispatcher"          daemon [_thread_blocked, id=13676, stack(0x000000cafff00000,0x000000cb00000000) (1024K)]
  0x0000020c683149c0 JavaThread "Attach Listener"            daemon [_thread_blocked, id=29072, stack(0x000000ca80000000,0x000000ca80100000) (1024K)]
  0x0000020c68317790 JavaThread "Service Thread"             daemon [_thread_blocked, id=28376, stack(0x000000ca80100000,0x000000ca80200000) (1024K)]
  0x0000020c6831b650 JavaThread "Monitor Deflation Thread"   daemon [_thread_blocked, id=36376, stack(0x000000ca80200000,0x000000ca80300000) (1024K)]
  0x0000020c6831d4e0 JavaThread "C1 CompilerThread0"         daemon [_thread_blocked, id=21712, stack(0x000000ca80300000,0x000000ca80400000) (1024K)]
  0x0000020c683c8780 JavaThread "C1 CompilerThread1"         daemon [_thread_blocked, id=35736, stack(0x000000ca80400000,0x000000ca80500000) (1024K)]
  0x0000020c684764b0 JavaThread "C1 CompilerThread2"         daemon [_thread_blocked, id=6064, stack(0x000000ca80500000,0x000000ca80600000) (1024K)]
  0x0000020c684ae140 JavaThread "Notification Thread"        daemon [_thread_blocked, id=20584, stack(0x000000ca80600000,0x000000ca80700000) (1024K)]
  0x0000020c684b0900 JavaThread "Common-Cleaner"             daemon [_thread_blocked, id=18720, stack(0x000000ca80700000,0x000000ca80800000) (1024K)]
  0x0000020c6d264bd0 JavaThread "C1 CompilerThread3"         daemon [_thread_blocked, id=14680, stack(0x000000ca80900000,0x000000ca80a00000) (1024K)]
  0x0000020c6d86ad40 JavaThread "RMI TCP Accept-0"           daemon [_thread_blocked, id=27192, stack(0x000000ca80b00000,0x000000ca80c00000) (1024K)]
  0x0000020c6d847250 JavaThread "RMI TCP Accept-61124"       daemon [_thread_in_native, id=37912, stack(0x000000ca80c00000,0x000000ca80d00000) (1024K)]
  0x0000020c6d86ff60 JavaThread "RMI TCP Accept-0"           daemon [_thread_in_native, id=39900, stack(0x000000ca80d00000,0x000000ca80e00000) (1024K)]
  0x0000020c6d9881f0 JavaThread "logback-1"                  daemon [_thread_blocked, id=35520, stack(0x000000ca80f00000,0x000000ca81000000) (1024K)]
  0x0000020c6dad5a60 JavaThread "Thread-0"                          [_thread_blocked, id=2676, stack(0x000000ca81200000,0x000000ca81300000) (1024K)]
  0x0000020c6dad9140 JavaThread "restartedMain"                     [_thread_blocked, id=17916, stack(0x000000ca81300000,0x000000ca81400000) (1024K)]
  0x0000020c6dbafa20 JavaThread "RMI TCP Connection(1)-127.0.0.1" daemon [_thread_in_native, id=9988, stack(0x000000ca81400000,0x000000ca81500000) (1024K)]
  0x0000020c6dbb58c0 JavaThread "RMI Scheduler(0)"           daemon [_thread_blocked, id=20448, stack(0x000000ca81500000,0x000000ca81600000) (1024K)]
Total: 21

Other Threads:
=>0x0000020c682f2a60 VMThread "VM Thread"                           [id=36492, stack(0x000000caffc00000,0x000000caffd00000) (1024K)]
  0x0000020c682df5d0 WatcherThread "VM Periodic Task Thread"        [id=4236, stack(0x000000caffb00000,0x000000caffc00000) (1024K)]
  0x0000020c592e3370 WorkerThread "GC Thread#0"                     [id=18896, stack(0x000000caff500000,0x000000caff600000) (1024K)]
  0x0000020c6858da20 WorkerThread "GC Thread#1"                     [id=28408, stack(0x000000ca80800000,0x000000ca80900000) (1024K)]
  0x0000020c6d232980 WorkerThread "GC Thread#2"                     [id=36872, stack(0x000000ca80a00000,0x000000ca80b00000) (1024K)]
  0x0000020c6d231c90 WorkerThread "GC Thread#3"                     [id=37752, stack(0x000000ca80e00000,0x000000ca80f00000) (1024K)]
  0x0000020c6d234360 WorkerThread "GC Thread#4"                     [id=15396, stack(0x000000ca81000000,0x000000ca81100000) (1024K)]
  0x0000020c6d232dd0 WorkerThread "GC Thread#5"                     [id=28660, stack(0x000000ca81100000,0x000000ca81200000) (1024K)]
  0x0000020c6d233220 WorkerThread "GC Thread#6"                     [id=38048, stack(0x000000ca81600000,0x000000ca81700000) (1024K)]
  0x0000020c592fd500 ConcurrentGCThread "G1 Main Marker"            [id=35976, stack(0x000000caff600000,0x000000caff700000) (1024K)]
  0x0000020c59300090 WorkerThread "G1 Conc#0"                       [id=9804, stack(0x000000caff700000,0x000000caff800000) (1024K)]
  0x0000020c5933db20 WorkerThread "G1 Refinement Workers#0"         [id=26932, stack(0x000000caff900000,0x000000caffa00000) (1024K)]
  0x0000020c5933cf60 ConcurrentGCThread "G1 Refine Control"         [id=12240, stack(0x000000caff800000,0x000000caff900000) (1024K)]
  0x0000020c5933e770 ConcurrentGCThread "G1 Service"                [id=32004, stack(0x000000caffa00000,0x000000caffb00000) (1024K)]
Total: 14

Threads with active compile tasks:
Total: 0

VM state: at safepoint (normal execution)

VM Mutex/Monitor currently owned by a thread:  ([mutex/lock_event])
[0x00007ffda5a5fa88] Threads_lock - owner thread: 0x0000020c682f2a60
[0x00007ffda5a5fd08] Heap_lock - owner thread: 0x0000020c6dad9140

Heap address: 0x0000000704200000, size: 4030 MB, Compressed Oops mode: Zero based, Oop shift amount: 3

CDS archive(s) mapped at: [0x0000000023000000-0x0000000023de0000-0x0000000023de0000), size 14548992, SharedBaseAddress: 0x0000000023000000, ArchiveRelocationMode: 1.
Compressed class space mapped at: 0x0000000024000000-0x0000000064000000, reserved size: 1073741824
UseCompressedClassPointers 1, UseCompactObjectHeaders 0
Narrow klass pointer bits 32, Max shift 3
Narrow klass base: 0x0000000023000000, Narrow klass shift: 0
Encoding Range: [0x0000000023000000 - 0x0000000123000000), (4294967296 bytes)
Klass Range:    [0x0000000023000000 - 0x0000000064000000), (1090519040 bytes)
Klass ID Range:  [8 - 1090519033) (1090519025)
Protection zone: [0x0000000023000000 - 0x0000000023010000), (65536 bytes)

GC Precious Log:
 CardTable entry size: 512
 Card Set container configuration: InlinePtr #cards 4 size 8 Array Of Cards #cards 16 size 48 Howl #buckets 8 coarsen threshold 3686 Howl Bitmap #cards 512 size 80 coarsen threshold 460 Card regions per heap region 1 cards per card region 4096
 CPUs: 8 total, 8 available
 Memory: 16112M
 Large Page Support: Disabled
 NUMA Support: Disabled
 Compressed Oops: Enabled (Zero based)
 Heap Region Size: 2M
 Heap Min Capacity: 8M
 Heap Initial Capacity: 8M
 Heap Max Capacity: 4030M
 Pre-touch: Disabled
 Parallel Workers: 8
 Concurrent Workers: 2
 Concurrent Refinement Workers: 8
 Periodic GC: Disabled

Heap:
 garbage-first heap   total reserved 4126720K, committed 36864K, used 13626K [0x0000000704200000, 0x0000000800000000)
  region size 2M, 0 eden (0M), 1 survivor (2M), 7 old (14M), 0 humongous (0M), 10 free (20M)

Heap Regions: E=young(eden), S=young(survivor), O=old, HS=humongous(starts), HC=humongous(continues), CS=collection set, F=free, TAMS=top-at-mark-start, PB=parsable bottom
|    0|0x0000000704200000, 0x0000000704400000, 0x0000000704400000|100%| O|  |TAMS 0x0000000704200000| PB 0x0000000704200000| Untracked |  0
|    1|0x0000000704400000, 0x0000000704600000, 0x0000000704600000|100%| O|  |TAMS 0x0000000704400000| PB 0x0000000704400000| Untracked |  0
|    2|0x0000000704600000, 0x0000000704800000, 0x0000000704800000|100%| O|  |TAMS 0x0000000704600000| PB 0x0000000704600000| Untracked |  0
|    3|0x0000000704800000, 0x0000000704a00000, 0x0000000704a00000|100%| O|  |TAMS 0x0000000704800000| PB 0x0000000704800000| Untracked |  0
|    4|0x0000000704a00000, 0x0000000704abdc68, 0x0000000704c00000| 37%| O|  |TAMS 0x0000000704a00000| PB 0x0000000704a00000| Untracked |  0
|    5|0x0000000704c00000, 0x0000000704c00000, 0x0000000704e00000|  0%| F|  |TAMS 0x0000000704c00000| PB 0x0000000704c00000| Untracked |  0
|    6|0x0000000704e00000, 0x0000000704e00000, 0x0000000705000000|  0%| F|  |TAMS 0x0000000704e00000| PB 0x0000000704e00000| Untracked |  0
|    7|0x0000000705000000, 0x0000000705000000, 0x0000000705200000|  0%| F|  |TAMS 0x0000000705000000| PB 0x0000000705000000| Untracked |  0
|    8|0x0000000705200000, 0x0000000705200000, 0x0000000705400000|  0%| F|  |TAMS 0x0000000705200000| PB 0x0000000705200000| Untracked |  0
|    9|0x0000000705400000, 0x0000000705400000, 0x0000000705600000|  0%| F|  |TAMS 0x0000000705400000| PB 0x0000000705400000| Untracked |  0
|   10|0x0000000705600000, 0x000000070576b510, 0x0000000705800000| 70%| S|CS|TAMS 0x0000000705600000| PB 0x0000000705600000| Complete  |  0
|   11|0x0000000705800000, 0x0000000705800000, 0x0000000705a00000|  0%| F|  |TAMS 0x0000000705800000| PB 0x0000000705800000| Untracked |  0
|   12|0x0000000705a00000, 0x0000000705a00000, 0x0000000705c00000|  0%| F|  |TAMS 0x0000000705a00000| PB 0x0000000705a00000| Untracked |  0
|   13|0x0000000705c00000, 0x0000000705c00000, 0x0000000705e00000|  0%| F|  |TAMS 0x0000000705c00000| PB 0x0000000705c00000| Untracked |  0
|   14|0x0000000705e00000, 0x0000000705e00000, 0x0000000706000000|  0%| F|  |TAMS 0x0000000705e00000| PB 0x0000000705e00000| Untracked |  0
|   15|0x0000000706000000, 0x0000000706000000, 0x0000000706200000|  0%| F|  |TAMS 0x0000000706000000| PB 0x0000000706000000| Untracked |  0
| 2013|0x00000007ffc00000, 0x00000007ffe00000, 0x00000007ffe00000|100%| O|  |TAMS 0x00000007ffc00000| PB 0x00000007ffc00000| Untracked |  0
| 2014|0x00000007ffe00000, 0x00000007fff25830, 0x0000000800000000| 57%| O|  |TAMS 0x00000007ffe00000| PB 0x00000007ffe00000| Untracked |  0

Card table byte_map: [0x0000020c60a10000,0x0000020c611f0000] _byte_map_base: 0x0000020c5d1ef000
Refinement table byte_map: [0x0000020c611f0000,0x0000020c619d0000] _byte_map_base: 0x0000020c5d9cf000

Marking Bits: (CMBitMap*) 0x0000020c592e3af0
 Bits: [0x0000020c619d0000, 0x0000020c658c8000)

Polling page: 0x0000020c57140000

Metaspace:
Metaspace        used 12543K, committed 12736K, reserved 1114112K
 class space     used 1766K, committed 1856K, reserved 1048576K

Usage:
  Non-class:     10.52 MB used.
      Class:      1.73 MB used.
       Both:     12.25 MB used.

Virtual space:
  Non-class space:       64.00 MB reserved,      10.62 MB ( 17%) committed,  1 nodes.
      Class space:        1.00 GB reserved,       1.81 MB ( <1%) committed,  1 nodes.
             Both:        1.06 GB reserved,      12.44 MB (  1%) committed. 

Chunk freelists:
   Non-Class:  5.26 MB
       Class:  14.01 MB
        Both:  19.28 MB

MaxMetaspaceSize: unlimited
CompressedClassSpaceSize: 1.00 GB
Initial GC threshold: 21.00 MB
Current GC threshold: 21.00 MB
CDS: on
 - commit_granule_bytes: 65536.
 - commit_granule_words: 8192.
 - virtual_space_node_default_size: 8388608.
 - enlarge_chunks_in_place: 1.
UseCompressedClassPointers 1, UseCompactObjectHeaders 0
Narrow klass pointer bits 32, Max shift 3
Narrow klass base: 0x0000000023000000, Narrow klass shift: 0
Encoding Range: [0x0000000023000000 - 0x0000000123000000), (4294967296 bytes)
Klass Range:    [0x0000000023000000 - 0x0000000064000000), (1090519040 bytes)
Klass ID Range:  [8 - 1090519033) (1090519025)
Protection zone: [0x0000000023000000 - 0x0000000023010000), (65536 bytes)


Internal statistics:

num_allocs_failed_limit: 0.
num_arena_births: 178.
num_arena_deaths: 0.
num_vsnodes_births: 2.
num_vsnodes_deaths: 0.
num_space_committed: 199.
num_space_uncommitted: 0.
num_chunks_returned_to_freelist: 0.
num_chunks_taken_from_freelist: 488.
num_chunk_merges: 0.
num_chunk_splits: 298.
num_chunks_enlarged: 204.
num_inconsistent_stats: 0.

CodeCache: size=49152Kb used=5534Kb max_used=5534Kb free=43617Kb
 bounds [0x0000020c5d120000, 0x0000020c5d690000, 0x0000020c60120000]
 total_blobs=2843, nmethods=2341, adapters=424, full_count=0
Compilation: enabled, stopped_count=0, restarted_count=0

Compilation events (20 events):
Event: 1.165 Thread 0x0000020c684764b0 2331       1       java.nio.HeapByteBuffer::getShort (29 bytes)
Event: 1.165 Thread 0x0000020c6831d4e0 2332   !   1       jdk.internal.misc.ScopedMemoryAccess::getShortUnaligned (18 bytes)
Event: 1.165 Thread 0x0000020c683c8780 2333   !   1       jdk.internal.misc.ScopedMemoryAccess::getShortUnalignedInternal (36 bytes)
Event: 1.165 Thread 0x0000020c683c8780 nmethod 2333 0x0000020c5d685a08 code [0x0000020c5d685b00, 0x0000020c5d685c90]
Event: 1.165 Thread 0x0000020c6831d4e0 nmethod 2332 0x0000020c5d685d08 code [0x0000020c5d685e00, 0x0000020c5d685ff8]
Event: 1.165 Thread 0x0000020c6831d4e0 2335       1       java.util.Collections$EmptySet::iterator (4 bytes)
Event: 1.165 Thread 0x0000020c6831d4e0 nmethod 2335 0x0000020c5d686008 code [0x0000020c5d686100, 0x0000020c5d6861c0]
Event: 1.165 Thread 0x0000020c684764b0 nmethod 2331 0x0000020c5d686308 code [0x0000020c5d686400, 0x0000020c5d686778]
Event: 1.166 Thread 0x0000020c684764b0 2336       1       org.springframework.boot.context.properties.source.DefaultPropertyMapper$LastMapping::<init> (15 bytes)
Event: 1.166 Thread 0x0000020c6831d4e0 2337       1       java.util.concurrent.ConcurrentHashMap$Traverser::<init> (36 bytes)
Event: 1.167 Thread 0x0000020c6831d4e0 nmethod 2337 0x0000020c5d686788 code [0x0000020c5d686880, 0x0000020c5d6869c0]
Event: 1.167 Thread 0x0000020c684764b0 nmethod 2336 0x0000020c5d686a88 code [0x0000020c5d686b80, 0x0000020c5d686ce0]
Event: 1.167 Thread 0x0000020c6831d4e0 2338       1       java.util.LinkedHashMap::keySet (5 bytes)
Event: 1.167 Thread 0x0000020c6d264bd0 2339       1       java.util.LinkedHashMap::sequencedKeySet (31 bytes)
Event: 1.168 Thread 0x0000020c684764b0 2340       1       java.util.LinkedHashMap$LinkedKeySet::iterator (16 bytes)
Event: 1.168 Thread 0x0000020c683c8780 2341       1       java.util.LinkedHashMap$LinkedKeyIterator::<init> (14 bytes)
Event: 1.168 Thread 0x0000020c6d264bd0 nmethod 2339 0x0000020c5d686d88 code [0x0000020c5d686e80, 0x0000020c5d6870e0]
Event: 1.168 Thread 0x0000020c6831d4e0 nmethod 2338 0x0000020c5d687108 code [0x0000020c5d687200, 0x0000020c5d687460]
Event: 1.168 Thread 0x0000020c683c8780 nmethod 2341 0x0000020c5d687488 code [0x0000020c5d687580, 0x0000020c5d687700]
Event: 1.168 Thread 0x0000020c684764b0 nmethod 2340 0x0000020c5d687788 code [0x0000020c5d687880, 0x0000020c5d687a80]

GC Heap Usage History (15 events):
Event: 0.177 {heap Before GC invocations=0 (full 0):
 garbage-first heap   total reserved 4126720K, committed 10240K, used 3222K [0x0000000704200000, 0x0000000800000000)
  region size 2M, 2 eden (4M), 0 survivor (0M), 1 old (2M), 0 humongous (0M), 2 free (4M)
}
Event: 0.180 {heap After GC invocations=1 (full 0):
 garbage-first heap   total reserved 4126720K, committed 10240K, used 3350K [0x0000000704200000, 0x0000000800000000)
  region size 2M, 0 eden (0M), 1 survivor (2M), 2 old (4M), 0 humongous (0M), 2 free (4M)
}
Event: 0.209 {heap Before GC invocations=1 (full 0):
 garbage-first heap   total reserved 4126720K, committed 10240K, used 5398K [0x0000000704200000, 0x0000000800000000)
  region size 2M, 1 eden (2M), 1 survivor (2M), 2 old (4M), 0 humongous (0M), 1 free (2M)
}
Event: 0.212 {heap After GC invocations=2 (full 0):
 garbage-first heap   total reserved 4126720K, committed 12288K, used 5123K [0x0000000704200000, 0x0000000800000000)
  region size 2M, 0 eden (0M), 1 survivor (2M), 3 old (6M), 0 humongous (0M), 2 free (4M)
}
Event: 0.237 {heap Before GC invocations=2 (full 0):
 garbage-first heap   total reserved 4126720K, committed 12288K, used 7171K [0x0000000704200000, 0x0000000800000000)
  region size 2M, 1 eden (2M), 1 survivor (2M), 3 old (6M), 0 humongous (0M), 1 free (2M)
}
Event: 0.238 {heap After GC invocations=3 (full 0):
 garbage-first heap   total reserved 4126720K, committed 36864K, used 6948K [0x0000000704200000, 0x0000000800000000)
  region size 2M, 0 eden (0M), 1 survivor (2M), 3 old (6M), 0 humongous (0M), 14 free (28M)
}
Event: 0.469 {heap Before GC invocations=3 (full 0):
 garbage-first heap   total reserved 4126720K, committed 36864K, used 15140K [0x0000000704200000, 0x0000000800000000)
  region size 2M, 5 eden (10M), 1 survivor (2M), 3 old (6M), 0 humongous (0M), 9 free (18M)
}
Event: 0.472 {heap After GC invocations=4 (full 0):
 garbage-first heap   total reserved 4126720K, committed 36864K, used 10275K [0x0000000704200000, 0x0000000800000000)
  region size 2M, 0 eden (0M), 1 survivor (2M), 5 old (10M), 0 humongous (0M), 12 free (24M)
}
Event: 0.727 {heap Before GC invocations=4 (full 0):
 garbage-first heap   total reserved 4126720K, committed 36864K, used 18467K [0x0000000704200000, 0x0000000800000000)
  region size 2M, 4 eden (8M), 1 survivor (2M), 5 old (10M), 0 humongous (0M), 8 free (16M)
}
Event: 0.730 {heap After GC invocations=5 (full 0):
 garbage-first heap   total reserved 4126720K, committed 36864K, used 11331K [0x0000000704200000, 0x0000000800000000)
  region size 2M, 0 eden (0M), 1 survivor (2M), 6 old (12M), 0 humongous (0M), 11 free (22M)
}
Event: 0.862 {heap Before GC invocations=5 (full 0):
 garbage-first heap   total reserved 4126720K, committed 36864K, used 19523K [0x0000000704200000, 0x0000000800000000)
  region size 2M, 4 eden (8M), 1 survivor (2M), 6 old (12M), 0 humongous (0M), 7 free (14M)
}
Event: 0.865 {heap After GC invocations=6 (full 0):
 garbage-first heap   total reserved 4126720K, committed 36864K, used 12186K [0x0000000704200000, 0x0000000800000000)
  region size 2M, 0 eden (0M), 1 survivor (2M), 6 old (12M), 0 humongous (0M), 11 free (22M)
}
Event: 1.012 {heap Before GC invocations=6 (full 0):
 garbage-first heap   total reserved 4126720K, committed 36864K, used 22426K [0x0000000704200000, 0x0000000800000000)
  region size 2M, 5 eden (10M), 1 survivor (2M), 6 old (12M), 0 humongous (0M), 6 free (12M)
}
Event: 1.014 {heap After GC invocations=7 (full 0):
 garbage-first heap   total reserved 4126720K, committed 36864K, used 12729K [0x0000000704200000, 0x0000000800000000)
  region size 2M, 0 eden (0M), 1 survivor (2M), 6 old (12M), 0 humongous (0M), 11 free (22M)
}
Event: 1.168 {heap Before GC invocations=7 (full 0):
 garbage-first heap   total reserved 4126720K, committed 36864K, used 22969K [0x0000000704200000, 0x0000000800000000)
  region size 2M, 5 eden (10M), 1 survivor (2M), 6 old (12M), 0 humongous (0M), 6 free (12M)
}

Metaspace Usage History (15 events):
Event: 0.177 {metaspace Before GC invocations=0 (full 0):
 Metaspace       used 303K, committed 512K, reserved 1114112K
  class space    used 10K, committed 128K, reserved 1048576K
}
Event: 0.180 {metaspace After GC invocations=1 (full 0):
 Metaspace       used 303K, committed 512K, reserved 1114112K
  class space    used 10K, committed 128K, reserved 1048576K
}
Event: 0.209 {metaspace Before GC invocations=1 (full 0):
 Metaspace       used 309K, committed 512K, reserved 1114112K
  class space    used 10K, committed 128K, reserved 1048576K
}
Event: 0.212 {metaspace After GC invocations=2 (full 0):
 Metaspace       used 309K, committed 512K, reserved 1114112K
  class space    used 10K, committed 128K, reserved 1048576K
}
Event: 0.237 {metaspace Before GC invocations=2 (full 0):
 Metaspace       used 309K, committed 512K, reserved 1114112K
  class space    used 10K, committed 128K, reserved 1048576K
}
Event: 0.238 {metaspace After GC invocations=3 (full 0):
 Metaspace       used 309K, committed 512K, reserved 1114112K
  class space    used 10K, committed 128K, reserved 1048576K
}
Event: 0.469 {metaspace Before GC invocations=3 (full 0):
 Metaspace       used 3444K, committed 3648K, reserved 1114112K
  class space    used 404K, committed 512K, reserved 1048576K
}
Event: 0.472 {metaspace After GC invocations=4 (full 0):
 Metaspace       used 3444K, committed 3648K, reserved 1114112K
  class space    used 404K, committed 512K, reserved 1048576K
}
Event: 0.727 {metaspace Before GC invocations=4 (full 0):
 Metaspace       used 7290K, committed 7424K, reserved 1114112K
  class space    used 916K, committed 960K, reserved 1048576K
}
Event: 0.730 {metaspace After GC invocations=5 (full 0):
 Metaspace       used 7290K, committed 7424K, reserved 1114112K
  class space    used 916K, committed 960K, reserved 1048576K
}
Event: 0.862 {metaspace Before GC invocations=5 (full 0):
 Metaspace       used 8963K, committed 9216K, reserved 1114112K
  class space    used 1215K, committed 1344K, reserved 1048576K
}
Event: 0.865 {metaspace After GC invocations=6 (full 0):
 Metaspace       used 8963K, committed 9216K, reserved 1114112K
  class space    used 1215K, committed 1344K, reserved 1048576K
}
Event: 1.012 {metaspace Before GC invocations=6 (full 0):
 Metaspace       used 10777K, committed 10944K, reserved 1114112K
  class space    used 1477K, committed 1536K, reserved 1048576K
}
Event: 1.014 {metaspace After GC invocations=7 (full 0):
 Metaspace       used 10777K, committed 10944K, reserved 1114112K
  class space    used 1477K, committed 1536K, reserved 1048576K
}
Event: 1.168 {metaspace Before GC invocations=7 (full 0):
 Metaspace       used 12543K, committed 12736K, reserved 1114112K
  class space    used 1766K, committed 1856K, reserved 1048576K
}

Dll operation events (18 events):
Event: 0.012 Attempting to load shared library D:\STS\sts-4.20.0.RELEASE\plugins\org.eclipse.justj.openjdk.hotspot.jre.full.win32.x86_64_26.0.1.v20260515-2027\jre\bin\java.dll
Event: 0.015 Loaded shared library D:\STS\sts-4.20.0.RELEASE\plugins\org.eclipse.justj.openjdk.hotspot.jre.full.win32.x86_64_26.0.1.v20260515-2027\jre\bin\java.dll
Event: 0.123 Attempting to load shared library D:\STS\sts-4.20.0.RELEASE\plugins\org.eclipse.justj.openjdk.hotspot.jre.full.win32.x86_64_26.0.1.v20260515-2027\jre\bin\zip.dll
Event: 0.124 Loaded shared library D:\STS\sts-4.20.0.RELEASE\plugins\org.eclipse.justj.openjdk.hotspot.jre.full.win32.x86_64_26.0.1.v20260515-2027\jre\bin\zip.dll
Event: 0.141 Attempting to load shared library D:\STS\sts-4.20.0.RELEASE\plugins\org.eclipse.justj.openjdk.hotspot.jre.full.win32.x86_64_26.0.1.v20260515-2027\jre\bin\jimage.dll
Event: 0.141 Loaded shared library D:\STS\sts-4.20.0.RELEASE\plugins\org.eclipse.justj.openjdk.hotspot.jre.full.win32.x86_64_26.0.1.v20260515-2027\jre\bin\jimage.dll
Event: 0.143 Attempting to load shared library D:\STS\sts-4.20.0.RELEASE\plugins\org.eclipse.justj.openjdk.hotspot.jre.full.win32.x86_64_26.0.1.v20260515-2027\jre\bin\net.dll
Event: 0.144 Loaded shared library D:\STS\sts-4.20.0.RELEASE\plugins\org.eclipse.justj.openjdk.hotspot.jre.full.win32.x86_64_26.0.1.v20260515-2027\jre\bin\net.dll
Event: 0.147 Attempting to load shared library D:\STS\sts-4.20.0.RELEASE\plugins\org.eclipse.justj.openjdk.hotspot.jre.full.win32.x86_64_26.0.1.v20260515-2027\jre\bin\nio.dll
Event: 0.147 Loaded shared library D:\STS\sts-4.20.0.RELEASE\plugins\org.eclipse.justj.openjdk.hotspot.jre.full.win32.x86_64_26.0.1.v20260515-2027\jre\bin\nio.dll
Event: 0.154 Attempting to load shared library D:\STS\sts-4.20.0.RELEASE\plugins\org.eclipse.justj.openjdk.hotspot.jre.full.win32.x86_64_26.0.1.v20260515-2027\jre\bin\zip.dll
Event: 0.154 Loaded shared library D:\STS\sts-4.20.0.RELEASE\plugins\org.eclipse.justj.openjdk.hotspot.jre.full.win32.x86_64_26.0.1.v20260515-2027\jre\bin\zip.dll
Event: 0.264 Attempting to load shared library D:\STS\sts-4.20.0.RELEASE\plugins\org.eclipse.justj.openjdk.hotspot.jre.full.win32.x86_64_26.0.1.v20260515-2027\jre\bin\management.dll
Event: 0.265 Loaded shared library D:\STS\sts-4.20.0.RELEASE\plugins\org.eclipse.justj.openjdk.hotspot.jre.full.win32.x86_64_26.0.1.v20260515-2027\jre\bin\management.dll
Event: 0.273 Attempting to load shared library D:\STS\sts-4.20.0.RELEASE\plugins\org.eclipse.justj.openjdk.hotspot.jre.full.win32.x86_64_26.0.1.v20260515-2027\jre\bin\management_ext.dll
Event: 0.273 Loaded shared library D:\STS\sts-4.20.0.RELEASE\plugins\org.eclipse.justj.openjdk.hotspot.jre.full.win32.x86_64_26.0.1.v20260515-2027\jre\bin\management_ext.dll
Event: 0.540 Attempting to load shared library D:\STS\sts-4.20.0.RELEASE\plugins\org.eclipse.justj.openjdk.hotspot.jre.full.win32.x86_64_26.0.1.v20260515-2027\jre\bin\extnet.dll
Event: 0.541 Loaded shared library D:\STS\sts-4.20.0.RELEASE\plugins\org.eclipse.justj.openjdk.hotspot.jre.full.win32.x86_64_26.0.1.v20260515-2027\jre\bin\extnet.dll

Deoptimization events (0 events):
No events

Classes loaded (20 events):
Event: 1.119 Loading class sun/reflect/generics/scope/ConstructorScope
Event: 1.119 Loading class sun/reflect/generics/scope/ConstructorScope done
Event: 1.142 Loading class java/util/concurrent/ConcurrentLinkedDeque$Itr
Event: 1.142 Loading class java/util/concurrent/ConcurrentLinkedDeque$AbstractItr
Event: 1.142 Loading class java/util/concurrent/ConcurrentLinkedDeque$AbstractItr done
Event: 1.142 Loading class java/util/concurrent/ConcurrentLinkedDeque$Itr done
Event: 1.145 Loading class java/nio/file/FileSystemNotFoundException
Event: 1.145 Loading class java/nio/file/FileSystemNotFoundException done
Event: 1.147 Loading class java/util/zip/ZipException
Event: 1.147 Loading class java/util/zip/ZipException done
Event: 1.154 Loading class java/io/UnsupportedEncodingException
Event: 1.154 Loading class java/io/UnsupportedEncodingException done
Event: 1.154 Loading class java/nio/charset/CharacterCodingException
Event: 1.154 Loading class java/nio/charset/CharacterCodingException done
Event: 1.154 Loading class java/nio/charset/MalformedInputException
Event: 1.154 Loading class java/nio/charset/MalformedInputException done
Event: 1.154 Loading class java/nio/charset/UnmappableCharacterException
Event: 1.154 Loading class java/nio/charset/UnmappableCharacterException done
Event: 1.154 Loading class java/lang/foreign/MemorySegment
Event: 1.154 Loading class java/lang/foreign/MemorySegment done

Classes unloaded (0 events):
No events

Classes redefined (0 events):
No events

Internal exceptions (20 events):
Event: 0.951 Thread 0x0000020c6dad9140 Exception <a 'java/lang/NoSuchMethodError'{0x0000000705afe5e0}: 'java.lang.Object java.lang.invoke.DirectMethodHandle$Holder.newInvokeSpecial(java.lang.Object, java.lang.Object, java.lang.Object, java.lang.Object, java.lang.Object)'> (0x0000000705afe5e0) 
thrown [s\src\hotspot\share\interpreter\linkResolver.cpp, line 804]
Event: 0.962 Thread 0x0000020c6dad9140 Exception <a 'java/lang/IncompatibleClassChangeError'{0x0000000705b982f8}: Found class java.lang.Object, but interface was expected> (0x0000000705b982f8) 
thrown [s\src\hotspot\share\interpreter\linkResolver.cpp, line 871]
Event: 0.972 Thread 0x0000020c6dad9140 Exception <a 'sun/nio/fs/WindowsException'{0x0000000705802610}> (0x0000000705802610) 
thrown [s\src\hotspot\share\prims\jni.cpp, line 514]
Event: 1.020 Thread 0x0000020c6dad9140 Exception <a 'java/lang/NoSuchMethodError'{0x0000000706036770}: 'java.lang.Object java.lang.invoke.DirectMethodHandle$Holder.invokeStatic(java.lang.Object, long, java.lang.Object)'> (0x0000000706036770) 
thrown [s\src\hotspot\share\interpreter\linkResolver.cpp, line 804]
Event: 1.020 Thread 0x0000020c6dad9140 Exception <a 'java/lang/NoSuchMethodError'{0x0000000706058298}: 'java.lang.Object java.lang.invoke.DirectMethodHandle$Holder.invokeStaticInit(java.lang.Object, long, java.lang.Object)'> (0x0000000706058298) 
thrown [s\src\hotspot\share\interpreter\linkResolver.cpp, line 804]
Event: 1.020 Thread 0x0000020c6dad9140 Exception <a 'java/lang/NoSuchMethodError'{0x0000000706067918}: 'java.lang.Object java.lang.invoke.DirectMethodHandle$Holder.newInvokeSpecial(java.lang.Object, long)'> (0x0000000706067918) 
thrown [s\src\hotspot\share\interpreter\linkResolver.cpp, line 804]
Event: 1.070 Thread 0x0000020c6dad9140 Exception <a 'java/lang/NoSuchMethodError'{0x0000000705f10350}: 'java.lang.Object java.lang.invoke.DirectMethodHandle$Holder.newInvokeSpecial(java.lang.Object, java.lang.Object, java.lang.Object, java.lang.Object, java.lang.Object, java.lang.Object, java.lang.Object)'> (0x0000000705f10350) 
thrown [s\src\hotspot\share\interpreter\linkResolver.cpp, line 804]
Event: 1.072 Thread 0x0000020c6dad9140 Exception <a 'java/lang/NoSuchMethodError'{0x0000000705f34968}: 'void java.lang.invoke.DirectMethodHandle$Holder.invokeStaticInit(java.lang.Object, java.lang.Object)'> (0x0000000705f34968) 
thrown [s\src\hotspot\share\interpreter\linkResolver.cpp, line 804]
Event: 1.075 Thread 0x0000020c6dad9140 Exception <a 'java/lang/NoSuchMethodError'{0x0000000705f82550}: 'int java.lang.invoke.DirectMethodHandle$Holder.invokeStatic(java.lang.Object, java.lang.Object, java.lang.Object, java.lang.Object)'> (0x0000000705f82550) 
thrown [s\src\hotspot\share\interpreter\linkResolver.cpp, line 804]
Event: 1.078 Thread 0x0000020c6dad9140 Exception <a 'java/lang/NoSuchMethodError'{0x0000000705fcf898}: 'java.lang.Object java.lang.invoke.Invokers$Holder.invokeExact_MT(java.lang.Object, java.lang.Object, java.lang.Object, java.lang.Object, java.lang.Object)'> (0x0000000705fcf898) 
thrown [s\src\hotspot\share\interpreter\linkResolver.cpp, line 804]
Event: 1.082 Thread 0x0000020c6dad9140 Exception <a 'java/lang/NoSuchMethodError'{0x0000000705c2d490}: 'java.lang.Object java.lang.invoke.DirectMethodHandle$Holder.invokeSpecial(java.lang.Object, java.lang.Object, java.lang.Object, java.lang.Object, java.lang.Object, java.lang.Object, int)'> (0x0000000705c2d490) 
thrown [s\src\hotspot\share\interpreter\linkResolver.cpp, line 804]
Event: 1.083 Thread 0x0000020c6dad9140 Exception <a 'java/lang/NoSuchMethodError'{0x0000000705c3f9b0}: 'java.lang.Object java.lang.invoke.DirectMethodHandle$Holder.newInvokeSpecial(java.lang.Object, java.lang.Object, java.lang.Object, java.lang.Object, java.lang.Object, java.lang.Object, int)'> (0x0000000705c3f9b0) 
thrown [s\src\hotspot\share\interpreter\linkResolver.cpp, line 804]
Event: 1.083 Thread 0x0000020c6dad9140 Exception <a 'java/lang/NoSuchMethodError'{0x0000000705c48a78}: 'java.lang.Object java.lang.invoke.DirectMethodHandle$Holder.invokeSpecial(java.lang.Object, java.lang.Object, java.lang.Object, java.lang.Object, java.lang.Object, java.lang.Object, java.lang.Object, int)'> (0x0000000705c48a78) 
thrown [s\src\hotspot\share\interpreter\linkResolver.cpp, line 804]
Event: 1.104 Thread 0x0000020c6dad9140 Exception <a 'java/lang/NoSuchMethodError'{0x0000000705de38f0}: 'void java.lang.invoke.DirectMethodHandle$Holder.invokeSpecial(java.lang.Object, java.lang.Object, java.lang.Object, java.lang.Object, java.lang.Object)'> (0x0000000705de38f0) 
thrown [s\src\hotspot\share\interpreter\linkResolver.cpp, line 804]
Event: 1.110 Thread 0x0000020c6dad9140 Exception <a 'java/lang/NoSuchMethodError'{0x0000000705a46e30}: 'int java.lang.invoke.DirectMethodHandle$Holder.invokeVirtual(java.lang.Object, java.lang.Object)'> (0x0000000705a46e30) 
thrown [s\src\hotspot\share\interpreter\linkResolver.cpp, line 804]
Event: 1.123 Thread 0x0000020c6dad9140 Exception <a 'java/lang/NoSuchMethodError'{0x0000000705b0dc50}: 'java.lang.Object java.lang.invoke.DirectMethodHandle$Holder.newInvokeSpecial(java.lang.Object, java.lang.Object, java.lang.Object, int, java.lang.Object)'> (0x0000000705b0dc50) 
thrown [s\src\hotspot\share\interpreter\linkResolver.cpp, line 804]
Event: 1.124 Thread 0x0000020c6dad9140 Exception <a 'java/lang/NoSuchMethodError'{0x0000000705b1e398}: 'java.lang.Object java.lang.invoke.Invokers$Holder.linkToTargetMethod(java.lang.Object, java.lang.Object, int, java.lang.Object, java.lang.Object)'> (0x0000000705b1e398) 
thrown [s\src\hotspot\share\interpreter\linkResolver.cpp, line 804]
Event: 1.124 Thread 0x0000020c6dad9140 Exception <a 'java/lang/NoSuchMethodError'{0x0000000705b39030}: 'java.lang.Object java.lang.invoke.DirectMethodHandle$Holder.newInvokeSpecial(java.lang.Object, int, java.lang.Object)'> (0x0000000705b39030) 
thrown [s\src\hotspot\share\interpreter\linkResolver.cpp, line 804]
Event: 1.125 Thread 0x0000020c6dad9140 Exception <a 'java/lang/NoSuchMethodError'{0x0000000705b418f0}: 'int java.lang.invoke.DirectMethodHandle$Holder.invokeSpecialIFC(java.lang.Object, java.lang.Object, java.lang.Object, java.lang.Object)'> (0x0000000705b418f0) 
thrown [s\src\hotspot\share\interpreter\linkResolver.cpp, line 804]
Event: 1.155 Thread 0x0000020c6dad9140 Exception <a 'java/lang/NoSuchMethodError'{0x0000000705949cc8}: 'void java.lang.invoke.DirectMethodHandle$Holder.invokeInterface(java.lang.Object, java.lang.Object, java.lang.Object)'> (0x0000000705949cc8) 
thrown [s\src\hotspot\share\interpreter\linkResolver.cpp, line 804]

VM Operations (20 events):
Event: 0.534 Executing non-safepoint VM operation: HandshakeAllThreads (Deoptimize) done
Event: 0.606 Executing non-safepoint VM operation: HandshakeAllThreads (Deoptimize)
Event: 0.607 Executing non-safepoint VM operation: HandshakeAllThreads (Deoptimize) done
Event: 0.609 Executing non-safepoint VM operation: HandshakeAllThreads (Deoptimize)
Event: 0.609 Executing non-safepoint VM operation: HandshakeAllThreads (Deoptimize) done
Event: 0.727 Executing safepoint VM operation: G1CollectForAllocation (G1 Evacuation Pause)
Event: 0.730 Executing safepoint VM operation: G1CollectForAllocation (G1 Evacuation Pause) done
Event: 0.778 Executing non-safepoint VM operation: HandshakeAllThreads (Deoptimize)
Event: 0.779 Executing non-safepoint VM operation: HandshakeAllThreads (Deoptimize) done
Event: 0.781 Executing non-safepoint VM operation: HandshakeAllThreads (Deoptimize)
Event: 0.781 Executing non-safepoint VM operation: HandshakeAllThreads (Deoptimize) done
Event: 0.784 Executing non-safepoint VM operation: HandshakeAllThreads (Deoptimize)
Event: 0.784 Executing non-safepoint VM operation: HandshakeAllThreads (Deoptimize) done
Event: 0.862 Executing safepoint VM operation: G1CollectForAllocation (G1 Evacuation Pause)
Event: 0.865 Executing safepoint VM operation: G1CollectForAllocation (G1 Evacuation Pause) done
Event: 0.973 Executing non-safepoint VM operation: HandshakeAllThreads (Deoptimize)
Event: 0.973 Executing non-safepoint VM operation: HandshakeAllThreads (Deoptimize) done
Event: 1.012 Executing safepoint VM operation: G1CollectForAllocation (G1 Evacuation Pause)
Event: 1.014 Executing safepoint VM operation: G1CollectForAllocation (G1 Evacuation Pause) done
Event: 1.168 Executing safepoint VM operation: G1CollectForAllocation (G1 Evacuation Pause)

Memory protections (0 events):
No events

Nmethod flushes (0 events):
No events

Events (20 events):
Event: 0.048 Thread 0x0000020c56f87560 Thread added: 0x0000020c68303a50
Event: 0.049 Thread 0x0000020c56f87560 Thread added: 0x0000020c683044a0
Event: 0.049 Thread 0x0000020c56f87560 Thread added: 0x0000020c68311df0
Event: 0.049 Thread 0x0000020c56f87560 Thread added: 0x0000020c683149c0
Event: 0.049 Thread 0x0000020c56f87560 Thread added: 0x0000020c68317790
Event: 0.049 Thread 0x0000020c56f87560 Thread added: 0x0000020c6831b650
Event: 0.049 Thread 0x0000020c56f87560 Thread added: 0x0000020c6831d4e0
Event: 0.104 Thread 0x0000020c6831d4e0 Thread added: 0x0000020c683c8780
Event: 0.125 Thread 0x0000020c6831d4e0 Thread added: 0x0000020c684764b0
Event: 0.134 Thread 0x0000020c56f87560 Thread added: 0x0000020c684ae140
Event: 0.136 Thread 0x0000020c56f87560 Thread added: 0x0000020c684b0900
Event: 0.386 Thread 0x0000020c683c8780 Thread added: 0x0000020c6d264bd0
Event: 0.544 Thread 0x0000020c56f87560 Thread added: 0x0000020c6d86ad40
Event: 0.555 Thread 0x0000020c56f87560 Thread added: 0x0000020c6d847250
Event: 0.572 Thread 0x0000020c56f87560 Thread added: 0x0000020c6d86ff60
Event: 0.747 Thread 0x0000020c56f87560 Thread added: 0x0000020c6d9881f0
Event: 0.933 Thread 0x0000020c56f87560 Thread added: 0x0000020c6dad5a60
Event: 0.934 Thread 0x0000020c6dad5a60 Thread added: 0x0000020c6dad9140
Event: 1.099 Thread 0x0000020c6d847250 Thread added: 0x0000020c6dbafa20
Event: 1.106 Thread 0x0000020c6dbafa20 Thread added: 0x0000020c6dbb58c0


Dynamic libraries:
0x00007ff63f0e0000 - 0x00007ff63f0ee000 	D:\STS\sts-4.20.0.RELEASE\plugins\org.eclipse.justj.openjdk.hotspot.jre.full.win32.x86_64_26.0.1.v20260515-2027\jre\bin\javaw.exe
0x00007ffe213e0000 - 0x00007ffe21646000 	C:\WINDOWS\SYSTEM32\ntdll.dll
0x00007ffe20100000 - 0x00007ffe201c9000 	C:\WINDOWS\System32\KERNEL32.DLL
0x00007ffe1e8b0000 - 0x00007ffe1ecaa000 	C:\WINDOWS\System32\KERNELBASE.dll
0x00007ffe1e760000 - 0x00007ffe1e8ac000 	C:\WINDOWS\System32\ucrtbase.dll
0x00007ffdfb890000 - 0x00007ffdfb8a7000 	D:\STS\sts-4.20.0.RELEASE\plugins\org.eclipse.justj.openjdk.hotspot.jre.full.win32.x86_64_26.0.1.v20260515-2027\jre\bin\jli.dll
0x00007ffdfca20000 - 0x00007ffdfca3e000 	D:\STS\sts-4.20.0.RELEASE\plugins\org.eclipse.justj.openjdk.hotspot.jre.full.win32.x86_64_26.0.1.v20260515-2027\jre\bin\VCRUNTIME140.dll
0x00007ffe20640000 - 0x00007ffe20807000 	C:\WINDOWS\System32\USER32.dll
0x00007ffe1e730000 - 0x00007ffe1e757000 	C:\WINDOWS\System32\win32u.dll
0x00007ffe1fc30000 - 0x00007ffe1fc5b000 	C:\WINDOWS\System32\GDI32.dll
0x00007ffe1f020000 - 0x00007ffe1f14b000 	C:\WINDOWS\System32\gdi32full.dll
0x00007ffdff690000 - 0x00007ffdff922000 	C:\WINDOWS\WinSxS\amd64_microsoft.windows.common-controls_6595b64144ccf1df_6.0.26100.8521_none_3e08b75ce33403b3\COMCTL32.dll
0x00007ffe1edf0000 - 0x00007ffe1ee93000 	C:\WINDOWS\System32\msvcp_win.dll
0x00007ffe201d0000 - 0x00007ffe20279000 	C:\WINDOWS\System32\msvcrt.dll
0x00007ffe1f4b0000 - 0x00007ffe1f4e2000 	C:\WINDOWS\System32\IMM32.DLL
0x00007ffdfe4a0000 - 0x00007ffdfe4ac000 	D:\STS\sts-4.20.0.RELEASE\plugins\org.eclipse.justj.openjdk.hotspot.jre.full.win32.x86_64_26.0.1.v20260515-2027\jre\bin\vcruntime140_1.dll
0x00007ffde2c80000 - 0x00007ffde2d0d000 	D:\STS\sts-4.20.0.RELEASE\plugins\org.eclipse.justj.openjdk.hotspot.jre.full.win32.x86_64_26.0.1.v20260515-2027\jre\bin\msvcp140.dll
0x00007ffda4bc0000 - 0x00007ffda5b59000 	D:\STS\sts-4.20.0.RELEASE\plugins\org.eclipse.justj.openjdk.hotspot.jre.full.win32.x86_64_26.0.1.v20260515-2027\jre\bin\server\jvm.dll
0x00007ffe1f520000 - 0x00007ffe1f5d6000 	C:\WINDOWS\System32\ADVAPI32.dll
0x00007ffe204a0000 - 0x00007ffe2054a000 	C:\WINDOWS\System32\sechost.dll
0x00007ffe1f370000 - 0x00007ffe1f488000 	C:\WINDOWS\System32\RPCRT4.dll
0x00007ffe20400000 - 0x00007ffe20480000 	C:\WINDOWS\System32\WS2_32.dll
0x00007ffe1e4d0000 - 0x00007ffe1e52e000 	C:\WINDOWS\SYSTEM32\POWRPROF.dll
0x00007ffe16020000 - 0x00007ffe16056000 	C:\WINDOWS\SYSTEM32\WINMM.dll
0x00007ffe15b70000 - 0x00007ffe15b7b000 	C:\WINDOWS\SYSTEM32\VERSION.dll
0x00007ffe1e4b0000 - 0x00007ffe1e4c4000 	C:\WINDOWS\SYSTEM32\UMPDC.dll
0x00007ffe1d320000 - 0x00007ffe1d33b000 	C:\WINDOWS\SYSTEM32\kernel.appcore.dll
0x00007ffe1b090000 - 0x00007ffe1b09a000 	D:\STS\sts-4.20.0.RELEASE\plugins\org.eclipse.justj.openjdk.hotspot.jre.full.win32.x86_64_26.0.1.v20260515-2027\jre\bin\jimage.dll
0x00007ffe1b770000 - 0x00007ffe1b9b2000 	C:\WINDOWS\SYSTEM32\DBGHELP.DLL
0x00007ffe1f5e0000 - 0x00007ffe1f963000 	C:\WINDOWS\System32\combase.dll
0x00007ffe1fb50000 - 0x00007ffe1fc29000 	C:\WINDOWS\System32\OLEAUT32.dll
0x00007ffdf8700000 - 0x00007ffdf873b000 	C:\WINDOWS\SYSTEM32\dbgcore.DLL
0x00007ffe1ed40000 - 0x00007ffe1ede8000 	C:\WINDOWS\System32\bcryptPrimitives.dll
0x00007ffe0b910000 - 0x00007ffe0b92e000 	D:\STS\sts-4.20.0.RELEASE\plugins\org.eclipse.justj.openjdk.hotspot.jre.full.win32.x86_64_26.0.1.v20260515-2027\jre\bin\java.dll
0x00007ffe1f1d0000 - 0x00007ffe1f368000 	C:\WINDOWS\System32\ole32.dll
0x00007ffe20970000 - 0x00007ffe210f4000 	C:\WINDOWS\System32\SHELL32.dll
0x00007ffe1c1f0000 - 0x00007ffe1ca70000 	C:\WINDOWS\SYSTEM32\windows.storage.dll
0x00007ffe1f9e0000 - 0x00007ffe1fad6000 	C:\WINDOWS\System32\SHCORE.dll
0x00007ffe1fae0000 - 0x00007ffe1fb47000 	C:\WINDOWS\System32\shlwapi.dll
0x00007ffe1e590000 - 0x00007ffe1e5b9000 	C:\WINDOWS\SYSTEM32\profapi.dll
0x00007ffdfb7f0000 - 0x00007ffdfb807000 	D:\STS\sts-4.20.0.RELEASE\plugins\org.eclipse.justj.openjdk.hotspot.jre.full.win32.x86_64_26.0.1.v20260515-2027\jre\bin\zip.dll
0x00007ffdfb5d0000 - 0x00007ffdfb5e1000 	D:\STS\sts-4.20.0.RELEASE\plugins\org.eclipse.justj.openjdk.hotspot.jre.full.win32.x86_64_26.0.1.v20260515-2027\jre\bin\net.dll
0x00007ffe1d910000 - 0x00007ffe1d97c000 	C:\WINDOWS\system32\mswsock.dll
0x00007ffdfb5b0000 - 0x00007ffdfb5c6000 	D:\STS\sts-4.20.0.RELEASE\plugins\org.eclipse.justj.openjdk.hotspot.jre.full.win32.x86_64_26.0.1.v20260515-2027\jre\bin\nio.dll
0x00007ffdfdf00000 - 0x00007ffdfdf0a000 	D:\STS\sts-4.20.0.RELEASE\plugins\org.eclipse.justj.openjdk.hotspot.jre.full.win32.x86_64_26.0.1.v20260515-2027\jre\bin\management.dll
0x00007ffdfc410000 - 0x00007ffdfc41c000 	D:\STS\sts-4.20.0.RELEASE\plugins\org.eclipse.justj.openjdk.hotspot.jre.full.win32.x86_64_26.0.1.v20260515-2027\jre\bin\management_ext.dll
0x00007ffe1f9d0000 - 0x00007ffe1f9d8000 	C:\WINDOWS\System32\PSAPI.DLL
0x00007ffdeb590000 - 0x00007ffdeb5a8000 	C:\WINDOWS\system32\napinsp.dll
0x00007ffe1ce90000 - 0x00007ffe1cfda000 	C:\WINDOWS\SYSTEM32\DNSAPI.dll
0x00007ffe1d730000 - 0x00007ffe1d73d000 	C:\WINDOWS\SYSTEM32\DSPARSE.dll
0x00007ffe1ce50000 - 0x00007ffe1ce83000 	C:\WINDOWS\SYSTEM32\IPHLPAPI.DLL
0x00007ffe200f0000 - 0x00007ffe200fa000 	C:\WINDOWS\System32\NSI.dll
0x00007ffdeb570000 - 0x00007ffdeb583000 	C:\WINDOWS\System32\winrnr.dll
0x00007ffdeb410000 - 0x00007ffdeb432000 	C:\WINDOWS\system32\nlansp_c.dll
0x00007ffdeb3f0000 - 0x00007ffdeb406000 	C:\WINDOWS\system32\wshbth.dll
0x00007ffe15b20000 - 0x00007ffe15b2b000 	C:\Windows\System32\rasadhlp.dll
0x00007ffe189d0000 - 0x00007ffe18a56000 	C:\WINDOWS\System32\fwpuclnt.dll
0x00007ffe1dd10000 - 0x00007ffe1dd2b000 	C:\WINDOWS\SYSTEM32\CRYPTSP.dll
0x00007ffe1d340000 - 0x00007ffe1d379000 	C:\WINDOWS\system32\rsaenh.dll
0x00007ffe1d9c0000 - 0x00007ffe1d9f3000 	C:\WINDOWS\SYSTEM32\USERENV.dll
0x00007ffe1e560000 - 0x00007ffe1e58a000 	C:\WINDOWS\SYSTEM32\bcrypt.dll
0x00007ffe1db70000 - 0x00007ffe1db7c000 	C:\WINDOWS\SYSTEM32\CRYPTBASE.dll
0x00007ffdfe5f0000 - 0x00007ffdfe5f9000 	D:\STS\sts-4.20.0.RELEASE\plugins\org.eclipse.justj.openjdk.hotspot.jre.full.win32.x86_64_26.0.1.v20260515-2027\jre\bin\extnet.dll

JVMTI agents: none

dbghelp: loaded successfully - version: 4.0.5 - missing functions: none
symbol engine: initialized successfully - sym options: 0x614 - pdb path: .;D:\STS\sts-4.20.0.RELEASE\plugins\org.eclipse.justj.openjdk.hotspot.jre.full.win32.x86_64_26.0.1.v20260515-2027\jre\bin;C:\WINDOWS\SYSTEM32;C:\WINDOWS\WinSxS\amd64_microsoft.windows.common-controls_6595b64144ccf1df_6.0.26100.8521_none_3e08b75ce33403b3;D:\STS\sts-4.20.0.RELEASE\plugins\org.eclipse.justj.openjdk.hotspot.jre.full.win32.x86_64_26.0.1.v20260515-2027\jre\bin\server

VM Arguments:
jvm_args: -Dcom.sun.management.jmxremote -Dcom.sun.management.jmxremote.port=61124 -Dcom.sun.management.jmxremote.authenticate=false -Dcom.sun.management.jmxremote.ssl=false -Djava.rmi.server.hostname=localhost -Dspring.jmx.enabled=true -Dmanagement.endpoints.jmx.exposure.include=* -Dspring.application.admin.enabled=true -Dspring.output.ansi.enabled=always -XX:TieredStopAtLevel=1 -Dspring.boot.project.name=user-service -Dfile.encoding=UTF-8 -Dstdout.encoding=UTF-8 -Dstderr.encoding=UTF-8 -XX:+ShowCodeDetailsInExceptionMessages 
java_command: com.rigel.user.TodoapptestApplication
java_class_path (initial): D:\All_data\RigelSoft App\user-service\target\classes;C:\Users\Ramesh\.m2\repository\org\openjfx\javafx-controls\21\javafx-controls-21.jar;C:\Users\Ramesh\.m2\repository\org\openjfx\javafx-controls\21\javafx-controls-21-win.jar;C:\Users\Ramesh\.m2\repository\org\openjfx\javafx-graphics\21\javafx-graphics-21.jar;C:\Users\Ramesh\.m2\repository\org\openjfx\javafx-graphics\21\javafx-graphics-21-win.jar;C:\Users\Ramesh\.m2\repository\org\openjfx\javafx-base\21\javafx-base-21.jar;C:\Users\Ramesh\.m2\repository\org\openjfx\javafx-base\21\javafx-base-21-win.jar;C:\Users\Ramesh\.m2\repository\org\openjfx\javafx-web\21\javafx-web-21.jar;C:\Users\Ramesh\.m2\repository\org\openjfx\javafx-web\21\javafx-web-21-win.jar;C:\Users\Ramesh\.m2\repository\org\openjfx\javafx-media\21\javafx-media-21.jar;C:\Users\Ramesh\.m2\repository\org\openjfx\javafx-media\21\javafx-media-21-win.jar;C:\Users\Ramesh\.m2\repository\org\openjfx\javafx-swing\21.0.1\javafx-swing-21.0.1.jar;C:\Users\Ramesh\.m2\repository\org\openjfx\javafx-swing\21.0.1\javafx-swing-21.0.1-win.jar;C:\Users\Ramesh\.m2\repository\org\hibernate\orm\hibernate-community-dialects\6.6.13.Final\hibernate-community-dialects-6.6.13.Final.jar;C:\Users\Ramesh\.m2\repository\org\hibernate\orm\hibernate-core\6.6.13.Final\hibernate-core-6.6.13.Final.jar;C:\Users\Ramesh\.m2\repository\jakarta\persistence\jakarta.persistence-api\3.1.0\jakarta.persistence-api-3.1.0.jar;C:\Users\Ramesh\.m2\repository\jakarta\transaction\jakarta.transaction-api\2.0.1\jakarta.transaction-api-2.0.1.jar;C:\Users\Ramesh\.m2\repository\org\hibernate\common\hibernate-commons-annotations\7.0.3.Final\hibernate-commons-annotations-7.0.3.Final.jar;C:\Users\Ramesh\.m2\repository\io\smallrye\jandex\3.2.0\jandex-3.2.0.jar;C:\Users\Ramesh\.m2\repository\com\fasterxml\classmate\1.7.0\classmate-1.7.0.jar;C:\Users\Ramesh\.m2\repository\net\bytebuddy\byte-buddy\1.15.11\byte-buddy-1.15.11.jar;C:\Users\Ramesh\.m2\repository\jakarta\inject\jakarta.inject-api\2.0.1\jakarta.inject-api-2.0.1.jar;C:\Users\Ramesh\.m2\repository\org\antlr\antlr4-runtime\4.13.0\antlr4-runtime-4.13.0.jar;C:\Users\Ramesh\.m2\repository\org\jboss\logging\jboss-logging\3.6.1.Final\jboss-logging-3.6.1.Final.jar;C:\Users\Ramesh\.m2\repository\org\springframework\boot\spring-boot-starter-actuator\3.4.5\spring-boot-starter-actuator-3.4.5.jar;C:\Users\Ramesh\.m2\repository\org\springframework\boot\spring-boot-starter\3.4.5\spring-boot-starter-3.4.5.jar;C:\Users\Ramesh\.m2\repository\org\springframework\boot\spring-boot-starter-logging\3.4.5\spring-boot-starter-logging-3.4.5.jar;C:\Users\Ramesh\.m2\repository\ch\qos\logback\logback-classic\1.5.18\logback-classic-1.5.18.jar;C:\Users\Ramesh\.m2\repository\ch\qos\logback\logback-core\1.5.18\logback-core-1.5.18.jar;C:\Users\Ramesh\.m2\repository\org\apache\logging\log4j\log4j-to-slf4j\2.24.3\log4j-to-slf4j-2.24.3.jar;C:\Users\Ramesh\.m2\repository\org\apache\logging\log4j\log4j-api\2.24.3\log4j-api-2.24.3.jar;C:\Users\Ramesh\.m2\repository\org\slf4j\jul-to-slf4j\2.0.17\jul-to-slf4j-2.0.17.jar;C:\Users\Ramesh\.m2\repository\jakarta\annotation\jakarta.annotation-api\2.1.1\jakarta.annotation-api-2.1.1.jar;C:\Users\Ramesh\.m2\repository\org\yaml\snakeyaml\2.3\snakeyaml-2.3.jar;C:\Users\Ramesh\.m2\repository\org\springframework\boot\spring-boot-actuator-autoconfigure\3.4.5\spring-boot-actuator-autoconfigure-3.4.5.jar;C:\Users\Ramesh\.m2\repository\org\springframework\boot\spring-boot-actuator\3.4.5\spring-boot-actuator-3.4.5.jar;C:\Users\Ramesh\.m2\repository\com\fasterxml\jackson\datatype\jackson-datatype-jsr310\2.18.3\jackson-datatype-jsr310-2.18.3.jar;C:\Users\Ramesh\.m2\repository\io\micrometer\micrometer-observation\1.14.6\micrometer-observation-1.14.6.jar;C:\Users\Ramesh\.m2\repository\io\micrometer\micrometer-commons\1.14.6\micrometer-commons-1.14.6.jar;C:\Users\Ramesh\.m2\repository\io\micrometer\micrometer-jakarta9\1.14.6\micrometer-jakarta9-1.14.6.jar;C:\Users\Ramesh\.m2\repository\io\micrometer\micrometer-core\1.14.6\micrometer-core-1.14.6.jar;C:\Users\Ramesh\.m2\repository\org\hdrhistogram\HdrHistogram\2.2.2\HdrHistogram-2.2.2.jar;C:\Users\Ramesh\.m2\repository\org\latencyutils\LatencyUtils\2.0.3\LatencyUtils-2.0.3.jar;C:\Users\Ramesh\.m2\repository\org\springframework\boot\spring-boot-starter-cache\3.4.5\spring-boot-starter-cache-3.4.5.jar;C:\Users\Ramesh\.m2\repository\org\springframework\spring-context-support\6.2.6\spring-context-support-6.2.6.jar;C:\Users\Ramesh\.m2\repository\org\springframework\spring-beans\6.2.6\spring-beans-6.2.6.jar;C:\Users\Ramesh\.m2\repository\org\springframework\spring-context\6.2.6\spring-context-6.2.6.jar;C:\Users\Ramesh\.m2\repository\org\ehcache\ehcache\3.10.8\ehcache-3.10.8-jakarta.jar;C:\Users\Ramesh\.m2\repository\javax\cache\cache-api\1.1.1\cache-api-1.1.1.jar;C:\Users\Ramesh\.m2\repository\org\slf4j\slf4j-api\2.0.17\slf4j-api-2.0.17.jar;C:\Users\Ramesh\.m2\repository\org\glassfish\jaxb\jaxb-runtime\4.0.5\jaxb-runtime-4.0.5.jar;C:\Users\Ramesh\.m2\repository\org\glassfish\jaxb\jaxb-core\4.0.5\jaxb-core-4.0.5.jar;C:\Users\Ramesh\.m2\repository\org\glassfish\jaxb\txw2\4.0.5\txw2-4.0.5.jar;C:\Users\Ramesh\.m2\repository\com\sun\istack\istack-commons-runtime\4.1.2\istack-commons-runtime-4.1.2.jar;C:\Users\Ramesh\.m2\repository\org\springframework\boot\spring-boot-starter-data-jpa\3.4.5\spring-boot-starter-data-jpa-3.4.5.jar;C:\Users\Ramesh\.m2\repository\org\springframework\boot\spring-boot-starter-jdbc\3.4.5\spring-boot-starter-jdbc-3.4.5.jar;C:\Users\Ramesh\.m2\repository\com\zaxxer\HikariCP\5.1.0\HikariCP-5.1.0.jar;C:\Users\Ramesh\.m2\repository\org\springframework\spring-jdbc\6.2.6\spring-jdbc-6.2.6.jar;C:\Users\Ramesh\.m2\repository\org\springframework\data\spring-data-jpa\3.4.5\spring-data-jpa-3.4.5.jar;C:\Users\Ramesh\.m2\repository\org\springframework\data\spring-data-commons\3.4.5\spring-data-commons-3.4.5.jar;C:\Users\Ramesh\.m2\repository\org\springframework\spring-orm\6.2.6\spring-orm-6.2.6.jar;C:\Users\Ramesh\.m2\repository\org\springframework\spring-tx\6.2.6\spring-tx-6.2.6.jar;C:\Users\Ramesh\.m2\repository\org\springframework\spring-aspects\6.2.6\spring-aspects-6.2.6.jar;C:\Users\Ramesh\.m2\repository\org\springframework\boot\spring-boot-starter-mail\3.4.5\spring-boot-starter-mail-3.4.5.jar;C:\Users\Ramesh\.m2\repository\org\eclipse\angus\jakarta.mail\2.0.3\jakarta.mail-2.0.3.jar;C:\Users\Ramesh\.m2\repository\jakarta\activation\jakarta.activation-api\2.1.3\jakarta.activation-api-2.1.3.jar;C:\Users\Ramesh\.m2\repository\org\eclipse\angus\angus-activation\2.0.2\angus-activation-2.0.2.jar;C:\Users\Ramesh\.m2\repository\org\springframework\boot\spring-boot-starter-security\3.4.5\spring-boot-starter-security-3.4.5.jar;C:\Users\Ramesh\.m2\repository\org\springframework\spring-aop\6.2.6\spring-aop-6.2.6.jar;C:\Users\Ramesh\.m2\repository\org\springframework\security\spring-security-config\6.4.5\spring-security-config-6.4.5.jar;C:\Users\Ramesh\.m2\repository\org\springframework\security\spring-security-web\6.4.5\spring-security-web-6.4.5.jar;C:\Users\Ramesh\.m2\repository\org\springframework\spring-expression\6.2.6\spring-expression-6.2.6.jar;C:\Users\Ramesh\.m2\repository\io\jsonwebtoken\jjwt-api\0.11.5\jjwt-api-0.11.5.jar;C:\Users\Ramesh\.m2\repository\io\jsonwebtoken\jjwt-impl\0.11.5\jjwt-impl-0.11.5.jar;C:\Users\Ramesh\.m2\repository\io\jsonwebtoken\jjwt-jackson\0.11.5\jjwt-jackson-0.11.5.jar;C:\Users\Ramesh\.m2\repository\com\fasterxml\jackson\core\jackson-databind\2.18.3\jackson-databind-2.18.3.jar;C:\Users\Ramesh\.m2\repository\com\fasterxml\jackson\core\jackson-annotations\2.18.3\jackson-annotations-2.18.3.jar;C:\Users\Ramesh\.m2\repository\com\fasterxml\jackson\core\jackson-core\2.18.3\jackson-core-2.18.3.jar;C:\Users\Ramesh\.m2\repository\org\springframework\boot\spring-boot-starter-thymeleaf\3.4.5\spring-boot-starter-thymeleaf-3.4.5.jar;C:\Users\Ramesh\.m2\repository\org\thymeleaf\thymeleaf-spring6\3.1.3.RELEASE\thymeleaf-spring6-3.1.3.RELEASE.jar;C:\Users\Ramesh\.m2\repository\org\thymeleaf\thymeleaf\3.1.3.RELEASE\thymeleaf-3.1.3.RELEASE.jar;C:\Users\Ramesh\.m2\repository\org\attoparser\attoparser\2.0.7.RELEASE\attoparser-2.0.7.RELEASE.jar;C:\Users\Ramesh\.m2\repository\org\unbescape\unbescape\1.1.6.RELEASE\unbescape-1.1.6.RELEASE.jar;C:\Users\Ramesh\.m2\repository\org\springframework\boot\spring-boot-starter-validation\3.4.5\spring-boot-starter-validation-3.4.5.jar;C:\Users\Ramesh\.m2\repository\org\apache\tomcat\embed\tomcat-embed-el\10.1.40\tomcat-embed-el-10.1.40.jar;C:\Users\Ramesh\.m2\repository\org\hibernate\validator\hibernate-validator\8.0.2.Final\hibernate-validator-8.0.2.Final.jar;C:\Users\Ramesh\.m2\repository\jakarta\validation\jakarta.validation-api\3.0.2\jakarta.validation-api-3.0.2.jar;C:\Users\Ramesh\.m2\repository\org\springframework\boot\spring-boot-starter-web\3.4.5\spring-boot-starter-web-3.4.5.jar;C:\Users\Ramesh\.m2\repository\org\springframework\boot\spring-boot-starter-json\3.4.5\spring-boot-starter-json-3.4.5.jar;C:\Users\Ramesh\.m2\repository\com\fasterxml\jackson\datatype\jackson-datatype-jdk8\2.18.3\jackson-datatype-jdk8-2.18.3.jar;C:\Users\Ramesh\.m2\repository\com\fasterxml\jackson\module\jackson-module-parameter-names\2.18.3\jackson-module-parameter-names-2.18.3.jar;C:\Users\Ramesh\.m2\repository\org\springframework\boot\spring-boot-starter-tomcat\3.4.5\spring-boot-starter-tomcat-3.4.5.jar;C:\Users\Ramesh\.m2\repository\org\apache\tomcat\embed\tomcat-embed-core\10.1.40\tomcat-embed-core-10.1.40.jar;C:\Users\Ramesh\.m2\repository\org\apache\tomcat\embed\tomcat-embed-websocket\10.1.40\tomcat-embed-websocket-10.1.40.jar;C:\Users\Ramesh\.m2\repository\org\springframework\spring-web\6.2.6\spring-web-6.2.6.jar;C:\Users\Ramesh\.m2\repository\org\springframework\spring-webmvc\6.2.6\spring-webmvc-6.2.6.jar;C:\Users\Ramesh\.m2\repository\org\thymeleaf\extras\thymeleaf-extras-springsecurity6\3.1.3.RELEASE\thymeleaf-extras-springsecurity6-3.1.3.RELEASE.jar;C:\Users\Ramesh\.m2\repository\org\springframework\boot\spring-boot-devtools\3.4.5\spring-boot-devtools-3.4.5.jar;C:\Users\Ramesh\.m2\repository\org\springframework\boot\spring-boot\3.4.5\spring-boot-3.4.5.jar;C:\Users\Ramesh\.m2\repository\org\springframework\boot\spring-boot-autoconfigure\3.4.5\spring-boot-autoconfigure-3.4.5.jar;C:\Users\Ramesh\.m2\repository\com\h2database\h2\2.3.232\h2-2.3.232.jar;C:\Users\Ramesh\.m2\repository\com\mysql\mysql-connector-j\9.1.0\mysql-connector-j-9.1.0.jar;C:\Users\Ramesh\.m2\repository\org\modelmapper\modelmapper\3.1.0\modelmapper-3.1.0.jar;C:\Users\Ramesh\.m2\repository\org\projectlombok\lombok\1.18.38\lombok-1.18.38.jar;C:\Users\Ramesh\.m2\repository\org\springdoc\springdoc-openapi-starter-webmvc-ui\2.8.6\springdoc-openapi-starter-webmvc-ui-2.8.6.jar;C:\Users\Ramesh\.m2\repository\org\springdoc\springdoc-openapi-starter-webmvc-api\2.8.6\springdoc-openapi-starter-webmvc-api-2.8.6.jar;C:\Users\Ramesh\.m2\repository\org\springdoc\springdoc-openapi-starter-common\2.8.6\springdoc-openapi-starter-common-2.8.6.jar;C:\Users\Ramesh\.m2\repository\io\swagger\core\v3\swagger-core-jakarta\2.2.29\swagger-core-jakarta-2.2.29.jar;C:\Users\Ramesh\.m2\repository\org\apache\commons\commons-lang3\3.17.0\commons-lang3-3.17.0.jar;C:\Users\Ramesh\.m2\repository\io\swagger\core\v3\swagger-annotations-jakarta\2.2.29\swagger-annotations-jakarta-2.2.29.jar;C:\Users\Ramesh\.m2\repository\io\swagger\core\v3\swagger-models-jakarta\2.2.29\swagger-models-jakarta-2.2.29.jar;C:\Users\Ramesh\.m2\repository\com\fasterxml\jackson\dataformat\jackson-dataformat-yaml\2.18.3\jackson-dataformat-yaml-2.18.3.jar;C:\Users\Ramesh\.m2\repository\org\webjars\swagger-ui\5.20.1\swagger-ui-5.20.1.jar;C:\Users\Ramesh\.m2\repository\org\webjars\webjars-locator-lite\1.0.1\webjars-locator-lite-1.0.1.jar;C:\Users\Ramesh\.m2\repository\org\jspecify\jspecify\1.0.0\jspecify-1.0.0.jar;C:\Users\Ramesh\.m2\repository\com\github\xingfudeshi\knife4j-openapi3-jakarta-spring-boot-starter\4.6.0\knife4j-openapi3-jakarta-spring-boot-starter-4.6.0.jar;C:\Users\Ramesh\.m2\repository\com\github\xingfudeshi\knife4j-core\4.6.0\knife4j-core-4.6.0.jar;C:\Users\Ramesh\.m2\repository\com\github\xingfudeshi\knife4j-openapi3-ui\4.6.0\knife4j-openapi3-ui-4.6.0.jar;C:\Users\Ramesh\.m2\repository\org\springframework\boot\spring-boot-starter-aop\3.4.5\spring-boot-starter-aop-3.4.5.jar;C:\Users\Ramesh\.m2\repository\org\aspectj\aspectjweaver\1.9.24\aspectjweaver-1.9.24.jar;C:\Users\Ramesh\.m2\repository\org\xerial\sqlite-jdbc\3.45.3.0\sqlite-jdbc-3.45.3.0.jar;C:\Users\Ramesh\.m2\repository\org\postgresql\postgresql\42.7.3\postgresql-42.7.3.jar;C:\Users\Ramesh\.m2\repository\org\checkerframework\checker-qual\3.42.0\checker-qual-3.42.0.jar;C:\Users\Ramesh\.m2\repository\jakarta\xml\bind\jakarta.xml.bind-api\4.0.2\jakarta.xml.bind-api-4.0.2.jar;C:\Users\Ramesh\.m2\repository\org\springframework\spring-core\6.2.6\spring-core-6.2.6.jar;C:\Users\Ramesh\.m2\repository\org\springframework\spring-jcl\6.2.6\spring-jcl-6.2.6.jar;C:\Users\Ramesh\.m2\repository\org\springframework\security\spring-security-core\6.4.5\spring-security-core-6.4.5.jar;C:\Users\Ramesh\.m2\repository\org\springframework\security\spring-security-crypto\6.4.5\spring-security-crypto-6.4.5.jar
Launcher Type: SUN_STANDARD

[Global flags]
     bool AOTAdapterCaching                        = false                                  {diagnostic} {ergonomic}
     bool AOTInvokeDynamicLinking                  = false                                  {diagnostic} {ergonomic}
     bool AOTRecordTraining                        = false                                  {diagnostic} {ergonomic}
     bool AOTReplayTraining                        = false                                  {diagnostic} {ergonomic}
     bool AOTStubCaching                           = false                                  {diagnostic} {ergonomic}
     intx CICompilerCount                          = 4                                         {product} {ergonomic}
     uint ConcGCThreads                            = 2                                         {product} {ergonomic}
     uint G1ConcRefinementThreads                  = 8                                         {product} {ergonomic}
     uint G1EagerReclaimRemSetThreshold            = 16                                   {experimental} {ergonomic}
   size_t G1HeapRegionSize                         = 2097152                                   {product} {ergonomic}
     uint G1RemSetArrayOfCardsEntries              = 16                                   {experimental} {ergonomic}
     uint G1RemSetHowlMaxNumBuckets                = 8                                    {experimental} {ergonomic}
     uint G1RemSetHowlNumBuckets                   = 8                                    {experimental} {ergonomic}
   size_t InitialHeapSize                          = 8388608                                   {product} {ergonomic}
     bool IntelJccErratumMitigation                = false                             {ARCH diagnostic} {ergonomic}
     bool ManagementServer                         = true                                      {product} {command line}
   size_t MarkStackSize                            = 4194304                                   {product} {ergonomic}
   size_t MarkStackSizeMax                         = 536870912                                 {product} {ergonomic}
   size_t MaxHeapSize                              = 4225761280                                {product} {ergonomic}
   size_t MaxNewSize                               = 2535456768                                {product} {ergonomic}
 uint64_t MaxRAM                                   = 16895107072                               {product} {ergonomic}
   size_t MinHeapDeltaBytes                        = 2097152                                   {product} {ergonomic}
   size_t MinHeapSize                              = 8388608                                   {product} {ergonomic}
   size_t NonNMethodCodeHeapSize                   = 4096                                   {pd product} {ergonomic}
   size_t NonProfiledCodeHeapSize                  = 0                                      {pd product} {ergonomic}
     bool ProfileInterpreter                       = false                                  {pd product} {command line}
   size_t ProfiledCodeHeapSize                     = 0                                      {pd product} {ergonomic}
     bool ShowCodeDetailsInExceptionMessages       = true                                   {manageable} {command line}
   size_t SoftMaxHeapSize                          = 4225761280                             {manageable} {ergonomic}
     intx TieredStopAtLevel                        = 1                                         {product} {command line}
     bool UseCompressedOops                        = true                           {product lp64_product} {ergonomic}
     bool UseCondCardMark                          = true                                      {product} {ergonomic}
     bool UseFastUnorderedTimeStamps               = true                                 {experimental} {ergonomic}
     bool UseG1GC                                  = true                                      {product} {ergonomic}
     bool UseLargePagesIndividualAllocation        = false                                  {pd product} {ergonomic}
      int X86ICacheSync                            = 3                                 {ARCH diagnostic} {ergonomic}

Logging:
Log output configuration:
 #0: stdout all=warning uptime,level,tags foldmultilines=false
 #1: stderr all=off uptime,level,tags foldmultilines=false

Release file:
JAVA_VERSION="26.0.1" 
MODULES="java.base java.compiler java.datatransfer java.xml java.prefs java.desktop java.instrument java.logging java.management java.security.sasl java.naming java.rmi java.management.rmi java.net.http java.scripting java.security.jgss java.transaction.xa java.sql java.sql.rowset java.xml.crypto java.se java.smartcardio jdk.accessibility jdk.internal.jvmstat jdk.attach jdk.charsets jdk.internal.opt jdk.zipfs jdk.compiler jdk.crypto.cryptoki jdk.crypto.ec jdk.crypto.mscapi jdk.dynalink jdk.internal.ed jdk.editpad jdk.internal.vm.ci jdk.graal.compiler jdk.graal.compiler.management jdk.hotspot.agent jdk.httpserver jdk.internal.le jdk.internal.md jdk.jartool jdk.javadoc jdk.jcmd jdk.management jdk.management.agent jdk.jconsole jdk.jdeps jdk.jdwp.agent jdk.jdi jdk.jfr jdk.jshell jdk.jstatd jdk.localedata jdk.management.jfr jdk.naming.dns jdk.naming.rmi jdk.net jdk.nio.mapmode jdk.sctp jdk.security.auth jdk.security.jgss jdk.unsupported jdk.unsupported.desktop jdk.xml.dom" 

Environment Variables:
JAVA_HOME=C:\Program Files\Zulu\zulu-21
PATH=D:/STS/sts-4.20.0.RELEASE//plugins/org.eclipse.justj.openjdk.hotspot.jre.full.win32.x86_64_26.0.1.v20260515-2027/jre/bin/server;D:/STS/sts-4.20.0.RELEASE//plugins/org.eclipse.justj.openjdk.hotspot.jre.full.win32.x86_64_26.0.1.v20260515-2027/jre/bin;C:\Program Files\Zulu\zulu-21\bin;C:\Program Files\OpenLogic\jdk-8.0.462.08-hotspot\bin;C:\Program Files\Microsoft\jdk-17.0.18.8-hotspot\bin;C:\WINDOWS\system32;C:\WINDOWS;C:\WINDOWS\System32\Wbem;C:\WINDOWS\System32\WindowsPowerShell\v1.0\;C:\WINDOWS\System32\OpenSSH\;C:\Program Files\nodejs\;C:\Program Files\Microsoft VS Code\bin;C:\Program Files\maven\bin;C:\Program Files\own domain;C:\Program Files\Git\cmd;C:\Program Files\Docker\Docker\resources\bin;C:\Program Files\PuTTY\;C:\flutter\bin;C:\ProgramData\chocolatey\bin;C:\Program Files\Amazon\AWSCLIV2\;D:\Raipur_Project\nexus-3.92.3-01-win-x86_64\nexus-3.92.3-01\bin;C:\Program Files\MySQL\MySQL Server 5.7\bin;C:\Program Files\TortoiseSVN\bin;C:\Users\Ramesh\AppData\Local\Programs\Python\Launcher\;C:\Users\Ramesh\AppData\Local\Microsoft\WindowsApps;C:\Users\Ramesh\AppData\Roaming\npm;C:\Program Files\maven\bin;C:\Program Files\Microsoft\jdk-17.0.18.8-hotspot\bin;C:\ProgramData\Ramesh\GitHubDesktop\bin;C:\Users\Ramesh\AppData\Local\GitHubDesktop\bin;C:\Program Files\own domain;C:\Program Files\OpenLogic\jdk-8.0.462.08-hotspot\bin;C:\tools\dart-sdk\bin;C:\Users\Ramesh\AppData\Local\Pub\Cache\bin;C:\Program Files\Zulu\zulu-21\bin;C:\Program Files\MySQL\MySQL Server 5.7\bin;C:\Program Files\MariaDB 11.8\bin;;D:\STS\sts-4.20.0.RELEASE;
USERNAME=Ramesh
OS=Windows_NT
PROCESSOR_IDENTIFIER=Intel64 Family 6 Model 140 Stepping 1, GenuineIntel
TMP=C:\Users\Ramesh\AppData\Local\Temp
TEMP=C:\Users\Ramesh\AppData\Local\Temp




Compilation memory statistics disabled.

Periodic native trim disabled

---------------  S Y S T E M  ---------------

OS:
 Windows 11 , 64 bit Build 26100 (10.0.26100.8521)
OS uptime: 11 days 21:16 hours
Hyper-V role detected

CPU: total 8 (initial active 8) (4 cores per cpu, 2 threads per core) family 6 model 140 stepping 1 microcode 0xbe, cx8, cmov, fxsr, ht, mmx, 3dnowpref, sse, sse2, sse3, ssse3, sse4.1, sse4.2, popcnt, lzcnt, tsc, tscinvbit, avx, avx2, aes, erms, clmul, bmi1, bmi2, adx, avx512f, avx512dq, avx512cd, avx512bw, avx512vl, sha, fma, vzeroupper, avx512_vpopcntdq, avx512_vpclmulqdq, avx512_vaes, avx512_vnni, clflush, clflushopt, clwb, avx512_vbmi2, avx512_vbmi, hv, rdtscp, rdpid, fsrm, gfni, avx512_bitalg, f16c, cet_ibt, cet_ss, avx512_ifma
Processor Information for processor 0
  Max Mhz: 2611, Current Mhz: 2611, Mhz Limit: 2611
Processor Information for processor 1
  Max Mhz: 2611, Current Mhz: 2611, Mhz Limit: 2611
Processor Information for processor 2
  Max Mhz: 2611, Current Mhz: 2611, Mhz Limit: 2611
Processor Information for processor 3
  Max Mhz: 2611, Current Mhz: 2611, Mhz Limit: 2611
Processor Information for processor 4
  Max Mhz: 2611, Current Mhz: 1205, Mhz Limit: 2611
Processor Information for processor 5
  Max Mhz: 2611, Current Mhz: 1205, Mhz Limit: 2611
Processor Information for processor 6
  Max Mhz: 2611, Current Mhz: 2611, Mhz Limit: 2611
Processor Information for processor 7
  Max Mhz: 2611, Current Mhz: 1205, Mhz Limit: 2611

Memory: 4k page, system-wide physical 16112M (648M free)
TotalPageFile size 41610M (AvailPageFile size 73M)
current process WorkingSet (physical memory assigned to process): 97M, peak: 97M
current process commit charge ("private bytes"): 142M, peak: 214M

vm_info: OpenJDK 64-Bit Server VM (26.0.1+8) for windows-amd64 JRE (26.0.1+8), built on 2026-04-21T00:00:00Z with MS VC++ 17.12 (VS2022)

END.
